Yes!
Yes!
Yes!
Yes!
Yes!
Yes!
Yes!
Yes!
Yes!
Yes!
Yes!
Yes!
Yes!
Yes!
Yes!
Yes!
Yes!
Yes!
Yes!
Yes!
Yes!
Yes!
Yes!
Yes!
Yes!
Yes!
Yes!
Yes!
Yes!
Yes!
Yes!
0
1
2
3
4
5
6
7
8
9
10
11
12
13
14
15
16
17
18
19
20
21
22
23
24
25
26
27
28
29
30
31
32
33
34
35
36
37
38
39
40
41
42
43
44
45
46
47
48
49
50
51
52
53
54
55
56
57
58
59
60
61
62
63
64
65
66
67
68
69
70
71
72
73
74
75
76
77
78
79
80
81
82
83
84
85
86
87
88
89
90
91
92
93
94
95
96
97
98
99
100
101
102
103
104
105
106
107
WARN Log number 0
INFO Log number 1
ERROR Log number 2
ERROR Log number 3
ERROR Log number 4
INFO Log number 5
ERROR Log number 6
WARN Log number 7
INFO Log number 8
INFO Log number 9
ERROR Log number 10
INFO Log number 11
INFO Log number 12
WARN Log number 13
WARN Log number 14
INFO Log number 15
ERROR Log number 16
WARN Log number 17
INFO Log number 18
INFO Log number 19
ERROR Log number 20
INFO Log number 21
INFO Log number 22
INFO Log number 23
WARN Log number 24
INFO Log number 25
INFO Log number 26
WARN Log number 27
ERROR Log number 28
INFO Log number 29
ERROR Log number 30
WARN Log number 31
INFO Log number 32
ERROR Log number 33
WARN Log number 34
ERROR Log number 35
WARN Log number 36
WARN Log number 37
ERROR Log number 38
WARN Log number 39
ERROR Log number 40
ERROR Log number 41
ERROR Log number 42
INFO Log number 43
ERROR Log number 44
WARN Log number 45
ERROR Log number 46
INFO Log number 47
WARN Log number 48
ERROR Log number 49
ERROR Log number 50
ERROR Log number 51
ERROR Log number 52
ERROR Log number 53
WARN Log number 54
ERROR Log number 55
INFO Log number 56
ERROR Log number 57
INFO Log number 58
ERROR Log number 59
WARN Log number 60
INFO Log number 61
INFO Log number 62
WARN Log number 63
ERROR Log number 64
WARN Log number 65
ERROR Log number 66
INFO Log number 67
WARN Log number 68
WARN Log number 69
INFO Log number 70
WARN Log number 71
WARN Log number 72
ERROR Log number 73
INFO Log number 74
WARN Log number 75
WARN Log number 76
WARN Log number 77
WARN Log number 78
INFO Log number 79
WARN Log number 80
INFO Log number 81
WARN Log number 82
INFO Log number 83
INFO Log number 84
ERROR Log number 85
WARN Log number 86
ERROR Log number 87
ERROR Log number 88
INFO Log number 89
WARN Log number 90
ERROR Log number 91
WARN Log number 92
WARN Log number 93
ERROR Log number 94
ERROR Log number 95
ERROR Log number 96
INFO Log number 97
WARN Log number 98
INFO Log number 99
WARN Log number 100
WARN Log number 101
WARN Log number 102
ERROR Log number 103
ERROR Log number 104
ERROR Log number 105
INFO Log number 106
WARN Log number 107
WARN Log number 108
WARN Log number 109
INFO Log number 110
WARN Log number 111
ERROR Log number 112
ERROR Log number 113
ERROR Log number 114
ERROR Log number 115
WARN Log number 116
WARN Log number 117
WARN Log number 118
WARN Log number 119
ERROR Log number 120
ERROR Log number 121
WARN Log number 122
INFO Log number 123
ERROR Log number 124
ERROR Log number 125
INFO Log number 126
INFO Log number 127
ERROR Log number 128
INFO Log number 129
WARN Log number 0
ERROR Log number 1
WARN Log number 2
WARN Log number 3
INFO Log number 4
ERROR Log number 5
WARN Log number 6
INFO Log number 7
ERROR Log number 8
WARN Log number 9
WARN Log number 10
INFO Log number 11
INFO Log number 12
INFO Log number 13
WARN Log number 14
WARN Log number 0
ERROR Log number 1
INFO Log number 2
INFO Log number 3
WARN Log number 4
ERROR Log number 5
WARN Log number 0
INFO Log number 1
ERROR Log number 2
INFO Log number 0
WARN Log number 1
WARN Log number 2
INFO Log number 3
ERROR Log number 4
INFO Log number 5
WARN Log number 6
ERROR Log number 7
ERROR Log number 8
INFO Log number 9
INFO Log number 10
INFO Log number 11
INFO Log number 12
ERROR Log number 13
WARN Log number 14
ERROR Log number 15
ERROR Log number 0
ERROR Log number 1
WARN Log number 2
ERROR Log number 3
INFO Log number 4
WARN Log number 5
WARN Log number 6
ERROR Log number 7
ERROR Log number 8
INFO Log number 9
INFO Log number 10
INFO Log number 11
INFO Log number 12
WARN Log number 13
WARN Log number 14
INFO Log number 15
WARN Log number 16
INFO Log number 17
WARN Log number 18
INFO Log number 19
WARN Log number 20
WARN Log number 21
ERROR Log number 22
INFO Log number 23
ERROR Log number 24
ERROR Log number 25
WARN Log number 26
WARN Log number 27
INFO Log number 28
ERROR Log number 29
WARN Log number 30
ERROR Log number 31
ERROR Log number 32
INFO Log number 33
ERROR Log number 34
INFO Log number 35
ERROR Log number 0
WARN Log number 1
WARN Log number 2
INFO Log number 3
INFO Log number 4
INFO Log number 5
INFO Log number 6
WARN Log number 7
INFO Log number 8
ERROR Log number 9
INFO Log number 10
WARN Log number 11
ERROR Log number 12
ERROR Log number 13
INFO Log number 14
ERROR Log number 15
ERROR Log number 16
ERROR Log number 17
ERROR Log number 18
WARN Log number 19
WARN Log number 20
ERROR Log number 21
WARN Log number 22
ERROR Log number 23
ERROR Log number 24
ERROR Log number 25
WARN Log number 26
ERROR Log number 0
ERROR Log number 1
ERROR Log number 2
INFO Log number 3
ERROR Log number 4
INFO Log number 5
ERROR Log number 6
ERROR Log number 7
ERROR Log number 8
INFO Log number 9
ERROR Log number 10
INFO Log number 11
ERROR Log number 12
WARN Log number 13
INFO Log number 14
INFO Log number 15
ERROR Log number 16
ERROR Log number 17
